// Jest Snapshot v1, https://goo.gl/fbAQLP

exports[`output screen should render component 1`] = `
.c0 {
  color: black;
  font-size: 16pt;
  font-family: verdana-bold;
  background-color: #A9A9A9;
  border: none;
  outline: none;
  text-align: right;
  width: 236px;
  height: 60px;
}

<div>
  <input
    class="c0"
    data-testid="output-screen"
    readonly=""
    value="test-value"
  />
</div>
`;
